--------- beginning of system
01-08 09:58:48.480  2422  2422 V DeadZone: consuming errant click: (1044.9646,9.911133)
01-08 09:58:49.414  2189  2439 I ActivityManager: START u0 {act=android.intent.action.MAIN cat=[android.intent.category.LAUNCHER] flg=0x10200000 cmp=it.feio.android.omninotes.foss/it.feio.android.omninotes.MainActivity bnds=[643,1368][849,1742] (has extras)} from uid 10020 on display 0
--------- beginning of main
01-08 09:58:49.416  2018  2055 W audio_hw_generic: Not supplying enough data to HAL, expected position 211780160 , only wrote 211780080
01-08 09:58:49.441 22186 22186 I art     : Late-enabling -Xcheck:jni
01-08 09:58:49.443 22186 22186 W art     : Unexpected CPU variant for X86 using defaults: x86
01-08 09:58:49.448  2189  2790 I ActivityManager: Start proc 22186:it.feio.android.omninotes.foss/u0a181 for activity it.feio.android.omninotes.foss/it.feio.android.omninotes.MainActivity
01-08 09:58:49.517 22186 22186 W System  : ClassLoader referenced unknown path: /data/app/it.feio.android.omninotes.foss-1/lib/x86
01-08 09:58:49.525  1341  1978 D gralloc_ranchu: gralloc_alloc: Creating ashmem region of size 10371072
01-08 09:58:49.532 22186 22186 W System.err: java.io.FileNotFoundException: /jacoco.exec (Read-only file system)
01-08 09:58:49.532 22186 22186 W System.err: 	at java.io.FileOutputStream.open(Native Method)
01-08 09:58:49.532 22186 22186 W System.err: 	at java.io.FileOutputStream.<init>(FileOutputStream.java:221)
01-08 09:58:49.532 22186 22186 W System.err: 	at org.jacoco.agent.rt.internal_b0d6a23.output.FileOutput.openFile(FileOutput.java:67)
01-08 09:58:49.532 22186 22186 W System.err: 	at org.jacoco.agent.rt.internal_b0d6a23.output.FileOutput.startup(FileOutput.java:49)
01-08 09:58:49.533 22186 22186 W System.err: 	at org.jacoco.agent.rt.internal_b0d6a23.Agent.startup(Agent.java:122)
01-08 09:58:49.533 22186 22186 W System.err: 	at org.jacoco.agent.rt.internal_b0d6a23.Agent.getInstance(Agent.java:50)
01-08 09:58:49.533 22186 22186 W System.err: 	at org.jacoco.agent.rt.internal_b0d6a23.Offline.<clinit>(Offline.java:31)
01-08 09:58:49.533 22186 22186 W System.err: 	at org.jacoco.agent.rt.internal_b0d6a23.Offline.getProbes(Offline.java:51)
01-08 09:58:49.533 22186 22186 W System.err: 	at it.feio.android.omninotes.OmniNotes.$jacocoInit(OmniNotes.java)
01-08 09:58:49.533 22186 22186 W System.err: 	at it.feio.android.omninotes.OmniNotes.<init>(OmniNotes.java)
01-08 09:58:49.533 22186 22186 W System.err: 	at java.lang.Class.newInstance(Native Method)
01-08 09:58:49.533 22186 22186 W System.err: 	at android.app.Instrumentation.newApplication(Instrumentation.java:1007)
01-08 09:58:49.533 22186 22186 W System.err: 	at android.app.Instrumentation.newApplication(Instrumentation.java:992)
01-08 09:58:49.533 22186 22186 W System.err: 	at android.app.LoadedApk.makeApplication(LoadedApk.java:796)
01-08 09:58:49.533 22186 22186 W System.err: 	at android.app.ActivityThread.handleBindApplication(ActivityThread.java:5377)
01-08 09:58:49.533 22186 22186 W System.err: 	at android.app.ActivityThread.-wrap2(ActivityThread.java)
01-08 09:58:49.533 22186 22186 W System.err: 	at android.app.ActivityThread$H.handleMessage(ActivityThread.java:1545)
01-08 09:58:49.533 22186 22186 W System.err: 	at android.os.Handler.dispatchMessage(Handler.java:102)
01-08 09:58:49.533 22186 22186 W System.err: 	at android.os.Looper.loop(Looper.java:154)
01-08 09:58:49.533 22186 22186 W System.err: 	at android.app.ActivityThread.main(ActivityThread.java:6119)
01-08 09:58:49.533 22186 22186 W System.err: 	at java.lang.reflect.Method.invoke(Native Method)
01-08 09:58:49.533 22186 22186 W System.err: 	at com.android.internal.os.ZygoteInit$MethodAndArgsCaller.run(ZygoteInit.java:886)
01-08 09:58:49.533 22186 22186 W System.err: 	at com.android.internal.os.ZygoteInit.main(ZygoteInit.java:776)
01-08 09:58:49.534 22186 22186 I MultiDex: VM with version 2.1.0 has multidex support
01-08 09:58:49.535 22186 22186 I MultiDex: install
01-08 09:58:49.535 22186 22186 I MultiDex: VM has multidex support, MultiDex support library is disabled.
01-08 09:58:49.588 22186 22205 I ACRA    : ACRA is enabled for it.feio.android.omninotes.foss, initializing...
01-08 09:58:49.596 22186 22186 D StrictMode: StrictMode policy violation; ~duration=1 ms: android.os.StrictMode$StrictModeDiskReadViolation: policy=65567 violation=2
01-08 09:58:49.596 22186 22186 D StrictMode: 	at android.os.StrictMode$AndroidBlockGuardPolicy.onReadFromDisk(StrictMode.java:1293)
01-08 09:58:49.596 22186 22186 D StrictMode: 	at android.app.SharedPreferencesImpl.hasFileChangedUnexpectedly(SharedPreferencesImpl.java:185)
01-08 09:58:49.596 22186 22186 D StrictMode: 	at android.app.SharedPreferencesImpl.startReloadIfChangedUnexpectedly(SharedPreferencesImpl.java:161)
01-08 09:58:49.596 22186 22186 D StrictMode: 	at android.app.ContextImpl.getSharedPreferences(ContextImpl.java:370)
01-08 09:58:49.596 22186 22186 D StrictMode: 	at android.app.ContextImpl.getSharedPreferences(ContextImpl.java:349)
01-08 09:58:49.596 22186 22186 D StrictMode: 	at android.content.ContextWrapper.getSharedPreferences(ContextWrapper.java:164)
01-08 09:58:49.596 22186 22186 D StrictMode: 	at it.feio.android.omninotes.helpers.LanguageHelper.updateLanguage(LanguageHelper.java:43)
01-08 09:58:49.596 22186 22186 D StrictMode: 	at it.feio.android.omninotes.OmniNotes.onCreate(OmniNotes.java:69)
01-08 09:58:49.596 22186 22186 D StrictMode: 	at android.app.Instrumentation.callApplicationOnCreate(Instrumentation.java:1024)
01-08 09:58:49.596 22186 22186 D StrictMode: 	at android.app.ActivityThread.handleBindApplication(ActivityThread.java:5403)
01-08 09:58:49.596 22186 22186 D StrictMode: 	at android.app.ActivityThread.-wrap2(ActivityThread.java)
01-08 09:58:49.596 22186 22186 D StrictMode: 	at android.app.ActivityThread$H.handleMessage(ActivityThread.java:1545)
01-08 09:58:49.596 22186 22186 D StrictMode: 	at android.os.Handler.dispatchMessage(Handler.java:102)
01-08 09:58:49.596 22186 22186 D StrictMode: 	at android.os.Looper.loop(Looper.java:154)
01-08 09:58:49.596 22186 22186 D StrictMode: 	at android.app.ActivityThread.main(ActivityThread.java:6119)
01-08 09:58:49.596 22186 22186 D StrictMode: 	at java.lang.reflect.Method.invoke(Native Method)
01-08 09:58:49.596 22186 22186 D StrictMode: 	at com.android.internal.os.ZygoteInit$MethodAndArgsCaller.run(ZygoteInit.java:886)
01-08 09:58:49.596 22186 22186 D StrictMode: 	at com.android.internal.os.ZygoteInit.main(ZygoteInit.java:776)
01-08 09:58:49.596 22186 22186 D StrictMode: StrictMode policy violation; ~duration=1 ms: android.os.StrictMode$StrictModeDiskReadViolation: policy=65567 violation=2
01-08 09:58:49.596 22186 22186 D StrictMode: 	at android.os.StrictMode$AndroidBlockGuardPolicy.onReadFromDisk(StrictMode.java:1293)
01-08 09:58:49.596 22186 22186 D StrictMode: 	at libcore.io.BlockGuardOs.stat(BlockGuardOs.java:298)
01-08 09:58:49.596 22186 22186 D StrictMode: 	at android.system.Os.stat(Os.java:501)
01-08 09:58:49.596 22186 22186 D StrictMode: 	at android.app.SharedPreferencesImpl.hasFileChangedUnexpectedly(SharedPreferencesImpl.java:186)
01-08 09:58:49.596 22186 22186 D StrictMode: 	at android.app.SharedPreferencesImpl.startReloadIfChangedUnexpectedly(SharedPreferencesImpl.java:161)
01-08 09:58:49.596 22186 22186 D StrictMode: 	at android.app.ContextImpl.getSharedPreferences(ContextImpl.java:370)
01-08 09:58:49.596 22186 22186 D StrictMode: 	at android.app.ContextImpl.getSharedPreferences(ContextImpl.java:349)
01-08 09:58:49.596 22186 22186 D StrictMode: 	at android.content.ContextWrapper.getSharedPreferences(ContextWrapper.java:164)
01-08 09:58:49.596 22186 22186 D StrictMode: 	at it.feio.android.omninotes.helpers.LanguageHelper.updateLanguage(LanguageHelper.java:43)
01-08 09:58:49.596 22186 22186 D StrictMode: 	at it.feio.android.omninotes.OmniNotes.onCreate(OmniNotes.java:69)
01-08 09:58:49.596 22186 22186 D StrictMode: 	at android.app.Instrumentation.callApplicationOnCreate(Instrumentation.java:1024)
01-08 09:58:49.596 22186 22186 D StrictMode: 	at android.app.ActivityThread.handleBindApplication(ActivityThread.java:5403)
01-08 09:58:49.596 22186 22186 D StrictMode: 	at android.app.ActivityThread.-wrap2(ActivityThread.java)
01-08 09:58:49.596 22186 22186 D StrictMode: 	at android.app.ActivityThread$H.handleMessage(ActivityThread.java:1545)
01-08 09:58:49.596 22186 22186 D StrictMode: 	at android.os.Handler.dispatchMessage(Handler.java:102)
01-08 09:58:49.596 22186 22186 D StrictMode: 	at android.os.Looper.loop(Looper.java:154)
01-08 09:58:49.596 22186 22186 D StrictMode: 	at android.app.ActivityThread.main(ActivityThread.java:6119)
01-08 09:58:49.596 22186 22186 D StrictMode: 	at java.lang.reflect.Method.invoke(Native Method)
01-08 09:58:49.596 22186 22186 D StrictMode: 	at com.android.internal.os.ZygoteInit$MethodAndArgsCaller.run(ZygoteInit.java:886)
01-08 09:58:49.596 22186 22186 D StrictMode: 	at com.android.internal.os.ZygoteInit.main(ZygoteInit.java:776)
01-08 09:58:49.617  2018  2056 D AudioFlinger: mixer(0xb4203d80) throttle end: throttle time(4)
01-08 09:58:49.648 22186 22186 I AppCompatViewInflater: app:theme is now deprecated. Please move to using android:theme instead.
01-08 09:58:49.690 22186 22186 D Omni Notes FOSS: Started navigation drawer initialization
01-08 09:58:49.693 22186 22186 D Omni Notes FOSS: Finished navigation drawer initialization
01-08 09:58:49.715 22186 22186 D Omni Notes FOSS: initNotesList intent: android.intent.action.MAIN
01-08 09:58:49.717 22186 22210 V Omni Notes FOSS: Query: SELECT creation,last_modification,title,content,archived,trashed,alarm,reminder_fired,recurrence_rule,latitude,longitude,address,locked,checklist,category_id,name,description,color FROM notes LEFT JOIN categories USING( category_id)  WHERE archived IS NOT 1 AND trashed IS NOT 1  ORDER BY title||content ASC 
01-08 09:58:49.721  2855  3160 D EGL_emulation: eglMakeCurrent: 0xaa486560: ver 2 0 (tinfo 0xaa483a50)
01-08 09:58:49.721 22186 22186 I MockAnalyticsHelper: MockAnalyticsHelper instance methods are empty. No analytic data will be collected.
01-08 09:58:49.725 22186 22186 D Omni Notes FOSS: {settings_language=en_US, acra.legacyAlreadyConvertedTo4.8.0=true, acra.lastVersionNr=233}
01-08 09:58:49.728 22186 22210 V Omni Notes FOSS: Query: Retrieval finished!
01-08 09:58:49.764  1341  1564 E SurfaceFlinger: ro.sf.lcd_density must be defined as a build property
01-08 09:58:49.768 22186 22186 D         : HostConnection::get() New Host Connection established 0xa5cbb8c0, tid 22186
01-08 09:58:49.822  2795  2870 D EGL_emulation: eglMakeCurrent: 0xa6fe1cc0: ver 2 0 (tinfo 0xa5ce5640)
01-08 09:58:49.892 22186 22211 D         : HostConnection::get() New Host Connection established 0xa877c140, tid 22211
01-08 09:58:49.895 22186 22211 I OpenGLRenderer: Initialized EGL, version 1.4
01-08 09:58:49.895 22186 22211 D OpenGLRenderer: Swap behavior 1
01-08 09:58:49.895 22186 22211 W OpenGLRenderer: Failed to choose config with EGL_SWAP_BEHAVIOR_PRESERVED, retrying without...
01-08 09:58:49.895 22186 22211 D OpenGLRenderer: Swap behavior 0
01-08 09:58:49.931 22186 22211 D EGL_emulation: eglCreateContext: 0xa5c2a2a0: maj 2 min 0 rcv 2
01-08 09:58:49.952 22186 22186 D Omni Notes FOSS: it.feio.android.omninotes.async.bus.NotesLoadedEvent
01-08 09:58:49.958 22186 22186 D Omni Notes FOSS: Started navigation drawer initialization
01-08 09:58:49.958 22186 22186 D Omni Notes FOSS: Finished navigation drawer initialization
01-08 09:58:49.959 22186 22186 D Omni Notes FOSS: Finished main menu initialization
01-08 09:58:49.960 22186 22186 D Omni Notes FOSS: Finished categories menu initialization
01-08 09:58:49.963 22186 22205 V Omni Notes FOSS: Query: SELECT creation,last_modification,title,content,archived,trashed,alarm,reminder_fired,recurrence_rule,latitude,longitude,address,locked,checklist,category_id,name,description,color FROM notes LEFT JOIN categories USING( category_id)  ORDER BY title||content ASC 
01-08 09:58:49.967 22186 22205 V Omni Notes FOSS: Query: Retrieval finished!
01-08 09:58:49.967 22186 22205 D Omni Notes FOSS: Dynamic menu finished counting items
01-08 09:58:49.967 22186 22205 E Omni Notes FOSS: Wrong element choosen: 0
01-08 09:58:49.981 22186 22211 D EGL_emulation: eglMakeCurrent: 0xa5c2a2a0: ver 2 0 (tinfo 0xa5c64120)
01-08 09:58:50.025  2422  2524 D EGL_emulation: eglMakeCurrent: 0xa3a2bea0: ver 2 0 (tinfo 0xa3cc7e40)
01-08 09:58:50.070  2422  2524 D EGL_emulation: eglMakeCurrent: 0xa3a2bea0: ver 2 0 (tinfo 0xa3cc7e40)
01-08 09:58:50.073 22186 22211 D EGL_emulation: eglMakeCurrent: 0xa5c2a2a0: ver 2 0 (tinfo 0xa5c64120)
01-08 09:58:50.086  2422  2524 D EGL_emulation: eglMakeCurrent: 0xa3a2bea0: ver 2 0 (tinfo 0xa3cc7e40)
01-08 09:58:50.303  2189  2238 I ActivityManager: Displayed it.feio.android.omninotes.foss/it.feio.android.omninotes.MainActivity: +866ms
01-08 09:58:50.365 22186 22186 W InputMethodManager: Ignoring onBind: cur seq=1648, given seq=1647
01-08 09:58:50.468  1341  1341 W SurfaceFlinger: couldn't log to binary event log: overflow.
01-08 09:58:52.876 22186 22186 D Omni Notes FOSS: Adding new note
01-08 09:58:52.898 22186 22186 V PixlUI  : onClick() on position 0
01-08 09:58:52.904 22186 22186 D Omni Notes FOSS: it.feio.android.omninotes.async.bus.SwitchFragmentEvent
01-08 09:58:52.913 22186 22191 I art     : Do partial code cache collection, code=29KB, data=31KB
01-08 09:58:52.913 22186 22191 I art     : After code cache collection, code=29KB, data=31KB
01-08 09:58:52.913 22186 22191 I art     : Increasing code cache capacity to 128KB
01-08 09:58:52.919  2422  2524 D EGL_emulation: eglMakeCurrent: 0xa3a2bea0: ver 2 0 (tinfo 0xa3cc7e40)
01-08 09:58:54.157 22186 22186 D AndroidRuntime: Shutting down VM
01-08 09:58:54.157 22186 22186 E ACRA    : ACRA caught a NumberFormatException for it.feio.android.omninotes.foss
01-08 09:58:54.157 22186 22186 E ACRA    : java.lang.NumberFormatException: null
01-08 09:58:54.157 22186 22186 E ACRA    : 	at java.lang.Long.parseLong(Long.java:406)
01-08 09:58:54.157 22186 22186 E ACRA    : 	at java.lang.Long.parseLong(Long.java:485)
01-08 09:58:54.157 22186 22186 E ACRA    : 	at it.feio.android.omninotes.DetailFragment.lambda$initViewReminder$2(DetailFragment.java:602)
01-08 09:58:54.157 22186 22186 E ACRA    : 	at it.feio.android.omninotes.DetailFragment.access$lambda$2(DetailFragment.java)
01-08 09:58:54.157 22186 22186 E ACRA    : 	at it.feio.android.omninotes.DetailFragment$$Lambda$3.onClick(Unknown Source)
01-08 09:58:54.157 22186 22186 E ACRA    : 	at android.view.View.performClick(View.java:5637)
01-08 09:58:54.157 22186 22186 E ACRA    : 	at android.view.View$PerformClick.run(View.java:22429)
01-08 09:58:54.157 22186 22186 E ACRA    : 	at android.os.Handler.handleCallback(Handler.java:751)
01-08 09:58:54.157 22186 22186 E ACRA    : 	at android.os.Handler.dispatchMessage(Handler.java:95)
01-08 09:58:54.157 22186 22186 E ACRA    : 	at android.os.Looper.loop(Looper.java:154)
01-08 09:58:54.157 22186 22186 E ACRA    : 	at android.app.ActivityThread.main(ActivityThread.java:6119)
01-08 09:58:54.157 22186 22186 E ACRA    : 	at java.lang.reflect.Method.invoke(Native Method)
01-08 09:58:54.157 22186 22186 E ACRA    : 	at com.android.internal.os.ZygoteInit$MethodAndArgsCaller.run(ZygoteInit.java:886)
01-08 09:58:54.157 22186 22186 E ACRA    : 	at com.android.internal.os.ZygoteInit.main(ZygoteInit.java:776)
01-08 09:58:54.185  1340  1340 E SELinux : avc:  denied  { find } for service=meminfo pid=22219 uid=10181 scontext=u:r:untrusted_app:s0:c512,c768 tcontext=u:object_r:meminfo_service:s0 tclass=service_manager permissive=0
01-08 09:58:54.190 22186 22186 E ACRA    : Not adding buildConfig to log. Class Not found : it.feio.android.omninotes.foss.BuildConfig. Please configure 'buildConfigClass' in your ACRA config
01-08 09:58:54.211 22186 22197 I art     : Starting a blocking GC HeapTrim
01-08 09:58:54.224 22186 22193 I art     : Debugger is no longer active
01-08 09:58:54.225 22186 22193 I art     : Starting a blocking GC Instrumentation
01-08 09:58:54.225 21999 22221 I ACRA    : Sending report /data/user/0/it.feio.android.omninotes.foss/app_ACRA-approved/2026-01-08T09:58:54.180+00:00.stacktrace
01-08 09:58:54.226 21999 22221 W ACRA    : it.feio.android.omninotes.foss reports will NOT be sent - no valid ReportSender is configured. Try setting 'formUri' or 'mailTo'
01-08 09:58:54.297 22186 22211 D EGL_emulation: eglMakeCurrent: 0xa5c2a2a0: ver 2 0 (tinfo 0xa5c64120)
01-08 09:58:56.241 22186 22220 I Process : Sending signal. PID: 22186 SIG: 9
01-08 09:58:56.244  2189  2349 W InputDispatcher: channel 'a6d5c77 Toast (server)' ~ Consumer closed input channel or an error occurred.  events=0x9
01-08 09:58:56.244  2189  2349 E InputDispatcher: channel 'a6d5c77 Toast (server)' ~ Channel is unrecoverably broken and will be disposed!
01-08 09:58:56.244  2189  2349 W InputDispatcher: channel '90d4a52 it.feio.android.omninotes.foss/it.feio.android.omninotes.MainActivity (server)' ~ Consumer closed input channel or an error occurred.  events=0x9
01-08 09:58:56.244  2189  2349 E InputDispatcher: channel '90d4a52 it.feio.android.omninotes.foss/it.feio.android.omninotes.MainActivity (server)' ~ Channel is unrecoverably broken and will be disposed!
01-08 09:58:56.244  2189  2687 D GraphicsStats: Buffer count: 5
01-08 09:58:56.245  2189 17127 I WindowManager: WIN DEATH: Window{90d4a52 u0 it.feio.android.omninotes.foss/it.feio.android.omninotes.MainActivity}
01-08 09:58:56.245  2189 17127 W InputDispatcher: Attempted to unregister already unregistered input channel '90d4a52 it.feio.android.omninotes.foss/it.feio.android.omninotes.MainActivity (server)'
01-08 09:58:56.246  2189  2790 I ActivityManager: Process it.feio.android.omninotes.foss (pid 22186) has died
01-08 09:58:56.246  2189  2790 D ActivityManager: cleanUpApplicationRecord -- 22186
01-08 09:58:56.246  2189 23639 I WindowManager: WIN DEATH: Window{a6d5c77 u0 Toast}
01-08 09:58:56.246  2189 23639 W InputDispatcher: Attempted to unregister already unregistered input channel 'a6d5c77 Toast (server)'
01-08 09:58:56.383  2855  3160 D EGL_emulation: eglMakeCurrent: 0xaa486560: ver 2 0 (tinfo 0xaa483a50)
01-08 09:58:56.520  2795  2870 D EGL_emulation: eglMakeCurrent: 0xa6fe1cc0: ver 2 0 (tinfo 0xa5ce5640)
01-08 09:58:56.836  2422  2524 D EGL_emulation: eglMakeCurrent: 0xa3a2bea0: ver 2 0 (tinfo 0xa3cc7e40)
01-08 09:58:56.884  2422  2524 D EGL_emulation: eglMakeCurrent: 0xa3a2bea0: ver 2 0 (tinfo 0xa3cc7e40)
01-08 09:58:56.897  2422  2524 D EGL_emulation: eglMakeCurrent: 0xa3a2bea0: ver 2 0 (tinfo 0xa3cc7e40)
01-08 09:58:56.939  2422  2524 D EGL_emulation: eglMakeCurrent: 0xa3a2bea0: ver 2 0 (tinfo 0xa3cc7e40)
01-08 09:58:56.954  2422  2524 D EGL_emulation: eglMakeCurrent: 0xa3a2bea0: ver 2 0 (tinfo 0xa3cc7e40)
01-08 09:58:57.030  2795  2870 W OpenGLRenderer: Incorrectly called buildLayer on View: ShortcutAndWidgetContainer, destroying layer...
01-08 09:58:57.352  2018  2056 W audio_hw_generic: Not supplying enough data to HAL, expected position 212540171 , only wrote 212160960
01-08 09:58:57.669  2189  2189 W NotificationService: Object died trying to hide notification android.app.ITransientNotification$Stub$Proxy@c2e7d49 in package it.feio.android.omninotes.foss
01-08 09:58:57.669  2189  2189 W WindowManager: Attempted to remove non-existing token: android.os.Binder@fea3d11
